back/end
back/restaurant
back/title
char/lefty
char/midly
char/midly-hot
char/righty
music/game-over
music/romance-1
