name: Title
---
name: Intro
---
name: Lefty Intro
---
name: Midly Intro
---
name: Righty Intro
---
